// Jest Snapshot v1, https://goo.gl/fbAQLP

exports[`Button Link renders correctly 1`] = `
<input
  id="test"
  onClick={[Function]}
  type="button"
  value="test"
/>
`;
